// Jest Snapshot v1, https://goo.gl/fbAQLP

exports[`renders without crashing 1`] = `
ShallowWrapper {
  "length": 1,
  Symbol(enzyme.__root__): [Circular],
  Symbol(enzyme.__unrendered__): <Unknown
    node={
        Object {
            "airlines": Array [
              Object {
                "id": 1,
                "logoUrl": "",
                "name": "Card test flight",
              },
            ],
            "arrival": Object {
              "airport": Object {
                "city": Object {
                  "name": "BRNO",
                },
              },
            },
            "departure": Object {
              "airport": Object {
                "city": Object {
                  "name": "BCN",
                },
              },
              "localTime": "Thu Feb 22 2018 16:26:58 GMT+0100 (CET)",
            },
            "id": 1,
            "price": Object {
              "amount": 0,
            },
          }
    }
/>,
  Symbol(enzyme.__renderer__): Object {
    "batchedUpdates": [Function],
    "getNode": [Function],
    "render": [Function],
    "simulateEvent": [Function],
    "unmount": [Function],
  },
  Symbol(enzyme.__node__): Object {
    "instance": null,
    "key": undefined,
    "nodeType": "class",
    "props": Object {
      "children": <div
        className="card mui--divider-bottom mui--z3"
>
        <div
                className="airline-group"
        >
                <div
                        className="airline"
                >
                        <img
                                alt="Card test flight"
                                src=""
                        />
                        <small>
                                Card test flight
                        </small>
                </div>
        </div>
        <div
                className="flight-detail"
        >
                <p>
                        BCN
                         → 
                        BRNO
                        <small>
                                Thu Feb 22 2018 16:26:58 
                        </small>
                </p>
                <h2>
                        0
                         €
                </h2>
        </div>
</div>,
    },
    "ref": null,
    "rendered": Object {
      "instance": null,
      "key": "1",
      "nodeType": "host",
      "props": Object {
        "children": Array [
          <div
            className="airline-group"
>
            <div
                        className="airline"
            >
                        <img
                                    alt="Card test flight"
                                    src=""
                        />
                        <small>
                                    Card test flight
                        </small>
            </div>
</div>,
          <div
            className="flight-detail"
>
            <p>
                        BCN
                         → 
                        BRNO
                        <small>
                                    Thu Feb 22 2018 16:26:58 
                        </small>
            </p>
            <h2>
                        0
                         €
            </h2>
</div>,
        ],
        "className": "card mui--divider-bottom mui--z3",
      },
      "ref": null,
      "rendered": Array [
        Object {
          "instance": null,
          "key": undefined,
          "nodeType": "host",
          "props": Object {
            "children": Array [
              <div
                className="airline"
>
                <img
                                alt="Card test flight"
                                src=""
                />
                <small>
                                Card test flight
                </small>
</div>,
            ],
            "className": "airline-group",
          },
          "ref": null,
          "rendered": Array [
            Object {
              "instance": null,
              "key": "airline-1-0",
              "nodeType": "host",
              "props": Object {
                "children": Array [
                  <img
                    alt="Card test flight"
                    src=""
/>,
                  <small>
                    Card test flight
</small>,
                ],
                "className": "airline",
              },
              "ref": null,
              "rendered": Array [
                Object {
                  "instance": null,
                  "key": undefined,
                  "nodeType": "host",
                  "props": Object {
                    "alt": "Card test flight",
                    "src": "",
                  },
                  "ref": null,
                  "rendered": null,
                  "type": "img",
                },
                Object {
                  "instance": null,
                  "key": undefined,
                  "nodeType": "host",
                  "props": Object {
                    "children": "Card test flight",
                  },
                  "ref": null,
                  "rendered": "Card test flight",
                  "type": "small",
                },
              ],
              "type": "div",
            },
          ],
          "type": "div",
        },
        Object {
          "instance": null,
          "key": undefined,
          "nodeType": "host",
          "props": Object {
            "children": Array [
              <p>
                BCN
                 → 
                BRNO
                <small>
                                Thu Feb 22 2018 16:26:58 
                </small>
</p>,
              <h2>
                0
                 €
</h2>,
            ],
            "className": "flight-detail",
          },
          "ref": null,
          "rendered": Array [
            Object {
              "instance": null,
              "key": undefined,
              "nodeType": "host",
              "props": Object {
                "children": Array [
                  "BCN",
                  " → ",
                  "BRNO",
                  <small>
                    Thu Feb 22 2018 16:26:58 
</small>,
                ],
              },
              "ref": null,
              "rendered": Array [
                "BCN",
                " → ",
                "BRNO",
                Object {
                  "instance": null,
                  "key": undefined,
                  "nodeType": "host",
                  "props": Object {
                    "children": "Thu Feb 22 2018 16:26:58 ",
                  },
                  "ref": null,
                  "rendered": "Thu Feb 22 2018 16:26:58 ",
                  "type": "small",
                },
              ],
              "type": "p",
            },
            Object {
              "instance": null,
              "key": undefined,
              "nodeType": "host",
              "props": Object {
                "children": Array [
                  0,
                  " €",
                ],
              },
              "ref": null,
              "rendered": Array [
                0,
                " €",
              ],
              "type": "h2",
            },
          ],
          "type": "div",
        },
      ],
      "type": "div",
    },
    "type": [Function],
  },
  Symbol(enzyme.__nodes__): Array [
    Object {
      "instance": null,
      "key": undefined,
      "nodeType": "class",
      "props": Object {
        "children": <div
          className="card mui--divider-bottom mui--z3"
>
          <div
                    className="airline-group"
          >
                    <div
                              className="airline"
                    >
                              <img
                                        alt="Card test flight"
                                        src=""
                              />
                              <small>
                                        Card test flight
                              </small>
                    </div>
          </div>
          <div
                    className="flight-detail"
          >
                    <p>
                              BCN
                               → 
                              BRNO
                              <small>
                                        Thu Feb 22 2018 16:26:58 
                              </small>
                    </p>
                    <h2>
                              0
                               €
                    </h2>
          </div>
</div>,
      },
      "ref": null,
      "rendered": Object {
        "instance": null,
        "key": "1",
        "nodeType": "host",
        "props": Object {
          "children": Array [
            <div
              className="airline-group"
>
              <div
                            className="airline"
              >
                            <img
                                          alt="Card test flight"
                                          src=""
                            />
                            <small>
                                          Card test flight
                            </small>
              </div>
</div>,
            <div
              className="flight-detail"
>
              <p>
                            BCN
                             → 
                            BRNO
                            <small>
                                          Thu Feb 22 2018 16:26:58 
                            </small>
              </p>
              <h2>
                            0
                             €
              </h2>
</div>,
          ],
          "className": "card mui--divider-bottom mui--z3",
        },
        "ref": null,
        "rendered": Array [
          Object {
            "instance": null,
            "key": undefined,
            "nodeType": "host",
            "props": Object {
              "children": Array [
                <div
                  className="airline"
>
                  <img
                                    alt="Card test flight"
                                    src=""
                  />
                  <small>
                                    Card test flight
                  </small>
</div>,
              ],
              "className": "airline-group",
            },
            "ref": null,
            "rendered": Array [
              Object {
                "instance": null,
                "key": "airline-1-0",
                "nodeType": "host",
                "props": Object {
                  "children": Array [
                    <img
                      alt="Card test flight"
                      src=""
/>,
                    <small>
                      Card test flight
</small>,
                  ],
                  "className": "airline",
                },
                "ref": null,
                "rendered": Array [
                  Object {
                    "instance": null,
                    "key": undefined,
                    "nodeType": "host",
                    "props": Object {
                      "alt": "Card test flight",
                      "src": "",
                    },
                    "ref": null,
                    "rendered": null,
                    "type": "img",
                  },
                  Object {
                    "instance": null,
                    "key": undefined,
                    "nodeType": "host",
                    "props": Object {
                      "children": "Card test flight",
                    },
                    "ref": null,
                    "rendered": "Card test flight",
                    "type": "small",
                  },
                ],
                "type": "div",
              },
            ],
            "type": "div",
          },
          Object {
            "instance": null,
            "key": undefined,
            "nodeType": "host",
            "props": Object {
              "children": Array [
                <p>
                  BCN
                   → 
                  BRNO
                  <small>
                                    Thu Feb 22 2018 16:26:58 
                  </small>
</p>,
                <h2>
                  0
                   €
</h2>,
              ],
              "className": "flight-detail",
            },
            "ref": null,
            "rendered": Array [
              Object {
                "instance": null,
                "key": undefined,
                "nodeType": "host",
                "props": Object {
                  "children": Array [
                    "BCN",
                    " → ",
                    "BRNO",
                    <small>
                      Thu Feb 22 2018 16:26:58 
</small>,
                  ],
                },
                "ref": null,
                "rendered": Array [
                  "BCN",
                  " → ",
                  "BRNO",
                  Object {
                    "instance": null,
                    "key": undefined,
                    "nodeType": "host",
                    "props": Object {
                      "children": "Thu Feb 22 2018 16:26:58 ",
                    },
                    "ref": null,
                    "rendered": "Thu Feb 22 2018 16:26:58 ",
                    "type": "small",
                  },
                ],
                "type": "p",
              },
              Object {
                "instance": null,
                "key": undefined,
                "nodeType": "host",
                "props": Object {
                  "children": Array [
                    0,
                    " €",
                  ],
                },
                "ref": null,
                "rendered": Array [
                  0,
                  " €",
                ],
                "type": "h2",
              },
            ],
            "type": "div",
          },
        ],
        "type": "div",
      },
      "type": [Function],
    },
  ],
  Symbol(enzyme.__options__): Object {
    "adapter": ReactSixteenAdapter {
      "options": Object {
        "enableComponentDidUpdateOnSetState": true,
      },
    },
  },
}
`;
