// Jest Snapshot v1, https://goo.gl/fbAQLP

exports[`renders without crashing 1`] = `
ShallowWrapper {
  "length": 1,
  Symbol(enzyme.__root__): [Circular],
  Symbol(enzyme.__unrendered__): <Unknown
    data={
        Object {
            "allFlights": Object {
              "edges": Array [
                Object {
                  "node": Object {
                    "airlines": Array [
                      Object {
                        "code": "VY",
                        "logoUrl": "https://images.kiwi.com/airlines/64/VY.png",
                        "name": "Vueling",
                      },
                    ],
                    "arrival": Object {
                      "airport": Object {
                        "city": Object {
                          "name": "Londres",
                        },
                        "locationId": "LTN",
                        "name": "Aeropuerto de Londres-Luton",
                        "slug": "aeropuerto-de-londres-luton-londres-reino-unido",
                      },
                    },
                    "departure": Object {
                      "airport": Object {
                        "city": Object {
                          "name": "Barcelona",
                        },
                        "locationId": "BCN",
                        "name": "Aeropuerto de Barcelona-El Prat",
                        "slug": "aeropuerto-de-barcelona-el-prat-barcelona-espana",
                      },
                      "localTime": "2018-02-23T18:10:00.000Z",
                      "time": "2018-02-23T17:10:00.000Z",
                    },
                    "id": "RmxpZ2h0OjMzNDEwNjkwMw==",
                  },
                },
              ],
            },
            "loading": true,
            "refetch": [Function],
          }
    }
/>,
  Symbol(enzyme.__renderer__): Object {
    "batchedUpdates": [Function],
    "getNode": [Function],
    "render": [Function],
    "simulateEvent": [Function],
    "unmount": [Function],
  },
  Symbol(enzyme.__node__): Object {
    "instance": null,
    "key": undefined,
    "nodeType": "function",
    "props": Object {
      "children": <div>
        <p>
                Loading...
        </p>
</div>,
    },
    "ref": null,
    "rendered": Object {
      "instance": null,
      "key": undefined,
      "nodeType": "host",
      "props": Object {
        "children": <p>
          Loading...
</p>,
      },
      "ref": null,
      "rendered": Object {
        "instance": null,
        "key": undefined,
        "nodeType": "host",
        "props": Object {
          "children": "Loading...",
        },
        "ref": null,
        "rendered": "Loading...",
        "type": "p",
      },
      "type": "div",
    },
    "type": Symbol(react.fragment),
  },
  Symbol(enzyme.__nodes__): Array [
    Object {
      "instance": null,
      "key": undefined,
      "nodeType": "function",
      "props": Object {
        "children": <div>
          <p>
                    Loading...
          </p>
</div>,
      },
      "ref": null,
      "rendered": Object {
        "instance": null,
        "key": undefined,
        "nodeType": "host",
        "props": Object {
          "children": <p>
            Loading...
</p>,
        },
        "ref": null,
        "rendered": Object {
          "instance": null,
          "key": undefined,
          "nodeType": "host",
          "props": Object {
            "children": "Loading...",
          },
          "ref": null,
          "rendered": "Loading...",
          "type": "p",
        },
        "type": "div",
      },
      "type": Symbol(react.fragment),
    },
  ],
  Symbol(enzyme.__options__): Object {
    "adapter": ReactSixteenAdapter {
      "options": Object {
        "enableComponentDidUpdateOnSetState": true,
      },
    },
  },
}
`;
